>>> text_indentation = __import__('5-text_indentation').text_indentation

>>> text_indentation("hi.me?okay:")
hi.
<BLANKLINE>
me?
<BLANKLINE>
okay:
<BLANKLINE>

>>> text_indentation("..?::::")
.
<BLANKLINE>
.
<BLANKLINE>
?
<BLANKLINE>
:
<BLANKLINE>
:
<BLANKLINE>
:
<BLANKLINE>
:
<BLANKLINE>

>>> text_indentation("Normal text")
Normal text

>>> text_indentation(10)
Traceback (most recent call last):
    ...
TypeError: text must be a string

>>> text_indentation()
Traceback (most recent call last):
    ...
TypeError: text must be a string

>>> text_indentation(None)
Traceback (most recent call last):
    ...
TypeError: text must be a string

>>> text_indentation("Holberton. School? How are you: John")
Holberton.
<BLANKLINE>
School?
<BLANKLINE>
How are you:
<BLANKLINE>
John

>>> text_indentation("Holberton. School? How are you : John")
Holberton.
<BLANKLINE>
School?
<BLANKLINE>
How are you:
<BLANKLINE>
John
